{"accounts":[{"account":{"active":true,"balance":"955230194734145601536","identity":{"address":"N\u0000sourcecred\u0000core\u0000IDENTITY\u0000USER\u0000YX6zzoNxYwGgLduJqWVoAg\u0000","aliases":[{"address":"N\u0000sourcecred\u0000github\u0000USERLIKE\u0000USER\u0000decentralion\u0000","description":"github/[@decentralion](https://github.com/decentralion)"},{"address":"N\u0000sourcecred\u0000discourse\u0000user\u0000https://sourcecred-test.discourse.group\u0000d11\u0000","description":"discourse/[@d11](https://sourcecred-test.discourse.group/u/d11/)"}],"id":"YX6zzoNxYwGgLduJqWVoAg","name":"dandelion","subtype":"USER"},"paid":"955230194734145601536"},"cred":[9.964412806682837,4.981955257329389,5.491477850252737,4.767272434895863,2.383691433744795,1.1919022420821395,0.5960111799878318,0.29807199372197263,0.14911279715073825,2.9893671445152354,1.5028103108200466,0.7569890996491149,0.3816004728774662,0.19214683255432766,0.09651221711467625,0.03643300088087674,0.017911108410865153,0.5039168817648663,0.2515446542905307,0.1254859311713519,0.0625929239108984,0.03125394212589924,0.015643731028961383,0.007859704971617735,0.003968586717210518,0.0020152399575003054,0.0008317182645047809,0.0004033820052752623,2.202906641195654,1.1133184269430307,0.5567763016867148,0.2784891930396328,0.13933985496117426,0.06976120237581135,0.03496726589202693,0.017564360877376478,0.008854884896499946,0.004488662261177515,0.0022901198409847477,0.0011739879080626945,0.0006020507837140163,0.0003076174702380106,0.00015654890800904342,0.00007959302598663507,0.00004048844828780208,0.000020560997315376184,0.000010398464523747118,0.00000448115579817212,0.0000022369849144803406,0.0000011173329254046624,5.587450959867007e-7,2.7914294337256795e-7,1.3988296273786073e-7,6.97513664956287e-8,3.516108824661021e-8,1.735865409209099e-8,8.866519940938188e-9,1.2822068590564347e-11,3.492882385916988e-13,1.0567219292203157e-14,4.906787001961e-16,5.1745108104340604e-17,1.2665654793568439e-17,3.2487897313709546e-18,8.391015975205313e-19,2.263988148073925e-19,6.507596121482475e-20,2.0510149096657124e-20,7.246738129557673e-21,2.8708420657819932e-21,1.2471600384006662e-21,5.764971058404004e-22,2.764753350819431e-22,1.352934751818254e-22,40.050266537602376,36.481820783759545,18.23871368441423,9.117167475022043,4.556421227444538,2.2760991961406796,1.136035830225683,0.5661833124978146,0.2815591646064383,48.15606427482412,40.08052462655851,20.041695756319907,23.48982858834038,11.710819493940548,5.843416816605116,2.7270240851878076],"totalCred":305.98799283674094},{"account":{"active":true,"balance":"44769805265854398464","identity":{"address":"N\u0000sourcecred\u0000core\u0000IDENTITY\u0000USER\u0000mbzRr0D3A2wcD1E7p0H2rQ\u0000","aliases":[{"address":"N\u0000sourcecred\u0000github\u0000USERLIKE\u0000USER\u0000wchargin\u0000","description":"github/[@wchargin](https://github.com/wchargin)"}],"id":"mbzRr0D3A2wcD1E7p0H2rQ","name":"william","subtype":"USER"},"paid":"44769805265854398464"},"cred":[3.0355871933171628,1.5180447426706114,0.758522149747263,0.35772756510413695,0.17880856625520503,0.08934775791786041,0.04461382001216829,0.02224050627802738,0.011043452849261753,0.5907109804847651,0.2872287516799533,0.1380304316008853,0.06590929274753382,0.03160805025817233,0.01536522429157375,0.5195057198222482,0.2600582519406973,0.6350677984109149,0.31794768579736005,0.1592602388725934,0.07978016111107428,0.039932600385087086,0.01994954022653178,0.009936930656128846,0.004929731096662773,0.0024339189494363396,0.0009682757607904622,0.00045190352762464734,3.2406114021082533,1.6026946537298576,0.8011877127703555,0.40045559849806006,0.20009508664240955,0.09991612575277341,0.04982846162228432,0.024790480067794555,0.012284644703891097,0.0060536389588769605,0.0029662720789891787,0.0014498909930973944,0.0007110148621778415,0.0003512893309719675,0.00017470087783967223,0.00008700920788425149,0.00004324080388701101,0.000021461219907369356,0.000010662989313276936,0.000005930711510741654,0.000002970635710229712,0.0000014868614248404866,7.435179008515448e-7,3.719851727910894e-7,1.8574562750447146e-7,9.303182546939275e-8,4.628121420846424e-8,2.3323732370863958e-8,1.1507532502758094e-8,8.049391415742017e-11,2.7180435658168953e-12,8.889367764770268e-14,3.0199087440175724e-15,7.305520639252103e-17,1.2973598613354522e-17,3.2692980381726054e-18,8.413450567275936e-19,2.2669043095415683e-19,6.511746026108073e-20,2.0516672368007957e-20,7.247889948247781e-21,2.8710702747011715e-21,1.247209601611556e-21,5.765085626262077e-22,2.764780835722178e-22,1.3529414788138387e-22,1.865084555145204e-24,2.9845970857012253e-25,6.890900460824898e-26,1.6330209946706234e-26,3.994415124142656e-27,9.927067441214743e-28,2.4978460404650656e-28,6.394060142634902e-29,1.6795454286657337e-29,4.155865558556703e-30,9.534930980537924e-31,2.1330449693936417e-31,5.860923572042633e-32,1.3668819896389466e-32,3.302365733600065e-33,7.6380446129494286e-34],"totalCred":15.638756452675315},{"account":{"active":false,"balance":"0","identity":{"address":"N\u0000sourcecred\u0000core\u0000IDENTITY\u0000USER\u0000ytxt20G2QLd8Z135K0cyUA\u0000","aliases":[{"address":"N\u0000sourcecred\u0000discourse\u0000user\u0000https://sourcecred-test.discourse.group\u0000beanow.sc-test\u0000","description":"discourse/[@beanow.sc-test](https://sourcecred-test.discourse.group/u/beanow.sc-test/)"}],"id":"ytxt20G2QLd8Z135K0cyUA","name":"beanow","subtype":"USER"},"paid":"0"},"cred":[0,0,0,0,0,0,0,0,0,0,0,0,0,0,0,0,0,0,0,0,0,0,0,0,0,0,0,0,0,0,0,0,0,0,0,0,0,0,0,0,0,0,0,0,0,0,0,0,0,0,0,0,0,0,0,0,0,0,0,0,0,0,0,0,0,0,0,0,0,0,0,0,0,0,0,0,0,0,0,0,0,0,0,0,0,0,0,0,0,864.2115904320714],"totalCred":864.2115904320714},{"account":{"active":false,"balance":"0","identity":{"address":"N\u0000sourcecred\u0000core\u0000IDENTITY\u0000aqOclre2pDpONTn6cxw1Ug\u0000","aliases":[{"address":"N\u0000sourcecred\u0000discourse\u0000user\u0000https://sourcecred-test.discourse.group\u0000dl-proto\u0000","description":"discourse/[@dl-proto](https://sourcecred-test.discourse.group/u/dl-proto/)"}],"id":"aqOclre2pDpONTn6cxw1Ug","name":"dl-proto","subtype":"USER"},"paid":"0"},"cred":[0,0,0,0,0,0,0,0,0,0,0,0,0,0,0,0,0,0,0,0,0,0,0,0,0,0,0,0,0,0,0,0,0,0,0,0,0,0,0,0,0,0,0,0,0,0,0,0,0,0,0,0,0,0,0,0,0,0,0,0,0,0,0,0,0,0,0,0,0,0,0,0,0,0,24.149971709648824,11.61830037818699,5.811347122140576,2.9078629853902416,1.4560940169928283,0.7301584296395314,0.36709298355597403,0.1853810946156599,0.09422303900600593,0.03182682700150366,0.013420924357341938,0.005277019138697906,2.5336577993890774,1.300923699924228,0.6624547803272828,0.31432128120687564],"totalCred":52.182314090521615},{"account":{"active":false,"balance":"0","identity":{"address":"N\u0000sourcecred\u0000core\u0000IDENTITY\u0000I1miJ58z42LP62g4MtnPNg\u0000","aliases":[{"address":"N\u0000sourcecred\u0000discourse\u0000user\u0000https://sourcecred-test.discourse.group\u0000system\u0000","description":"discourse/[@system](https://sourcecred-test.discourse.group/u/system/)"}],"id":"I1miJ58z42LP62g4MtnPNg","name":"system","subtype":"BOT"},"paid":"0"},"cred":[0,0,0,0,0,0,0,0,0,0,0,0,0,0,0,0,0,0,0,0,0,0,0,0,0,0,0,0,0,0,0,0,0,0,0,0,0,0,0,0,0,0,0,0,0,0,0,0,0,0,0,0,0,0,0,0,0,32.00000001129931,16.000000005701224,8.000000002852317,4.000000001426213,2.0000000007131087,1.0000000003565543,0.5000000001782772,0.2500000000891386,0.1250000000445693,0.06250000002228465,0.03125000001114232,0.01562500000557116,0.00781250000278558,0.00390625000139279,0.001953125000696395,0.0009765625003481976,0.0004882812501740988,0.000005893373890937928,9.083660136332424e-7,2.2860146734937012e-7,5.71658512608652e-8,1.4351702053664903e-8,3.6143230631995044e-9,9.156099224860104e-10,2.3515907845308145e-10,6.187248700553226e-11,1.1535448886070805e-11,2.7240683174475126e-12,6.822147578480897e-13,1.8724225256653273e-13,4.6798189681434456e-14,1.1730625841458839e-14,2.7631709107495095e-15],"totalCred":63.99951884815619},{"account":{"active":false,"balance":"0","identity":{"address":"N\u0000sourcecred\u0000core\u0000IDENTITY\u0000OkPjNksXJwGnTxgnLa1DyQ\u0000","aliases":[{"address":"N\u0000sourcecred\u0000github\u0000USERLIKE\u0000BOT\u0000credbot\u0000","description":"github/[@credbot](https://github.com/credbot)"}],"id":"OkPjNksXJwGnTxgnLa1DyQ","name":"credbot","subtype":"BOT"},"paid":"0"},"cred":[0,0,0,0,0,0,0,0,0,0,0,0,0,0,0,0,0,0,0,0,0,0,0,0,0,0,0.5004245854281731,0.25025700419383423,0.6820381015594608,0.34676499175879477,0.17342502175877153,0.08674972657022809,0.043412317450376686,0.02174630139839545,0.010916087249178856,0.00550106643657402,0.002788424090481488,0.0014216756253817857,0.0007255965027442049,0.0003671153101989773,0.0001824314597876753,0.00008884175162978848,0.000042624490571167616,0.000020334904339055073,0.000009739316930157725,0.000004712067329739868,0.00000230568843921865,0.0000012717038292075773,6.341649443506231e-7,3.166984342851888e-7,1.581833954269234e-7,7.909507996892705e-8,3.948300782396008e-8,1.97726070681247e-8,9.83559706149861e-9,4.956563295331581e-9,2.4454224354469826e-9,1.7107563545228958e-11,5.776797668968085e-13,1.88931292876392e-14,6.418354311217557e-16,1.5525083200521325e-17,2.7568971158650377e-18,6.947259351719492e-19,1.787858204795204e-19,4.817171357669569e-20,1.383745919119214e-20,4.359792488143896e-21,1.540176469361668e-21,6.101023747247513e-22,2.650320145708531e-22,1.2250805757751773e-22,5.875158699726268e-23,2.875000360126332e-23,3.485919192037599e-25,5.261232707993153e-26,1.3204341814365976e-26,3.297256423778507e-27,8.272106707057917e-28,2.08251416227766e-28,5.274670243579095e-29,1.3545928251143515e-29,3.563901332398761e-30,6.644371223105946e-31,1.5690325981061558e-31,3.929458709946971e-32,1.0784853579072184e-32,2.6954970466045432e-33,6.756638669362724e-34,1.5915383658506095e-34],"totalCred":2.1268915413682072},{"account":{"active":true,"balance":"0","identity":{"address":"N\u0000sourcecred\u0000core\u0000IDENTITY\u00002zWwkGHnBGXmEcYneeWAzw\u0000","aliases":[],"id":"2zWwkGHnBGXmEcYneeWAzw","name":"SourceCred","subtype":"PROJECT"},"paid":"0"},"cred":[0,0,0,0,0,0,0,0,0,0,0,0,0,0,0,0,0,0,0,0,0,0,0,0,0,0,0,0,0,0,0,0,0,0,0,0,0,0,0,0,0,0,0,0,0,0.0000023367142276242705,0.0000011683571138121353,5.841785569060676e-7,2.920892784530338e-7,1.460446392265169e-7,7.302231961325845e-8,3.651115980662922e-8,1.8255579903314614e-8,9.127789951657308e-9,4.563894975828653e-9,2.2819474879143267e-9,1.1409737439571633e-9,1.6000000005704873,0.8000000002852435,0.4000000001426218,0.20000000007131088,0.10000000003565544,0.05000000001782772,0.02500000000891386,0.01250000000445693,0.006250000002228465,0.0031250000011142326,0.0015625000005571163,0.0007812500002785581,0.00039062500013927907,0.00019531250006963954,0.00009765625003481977,0.000048828125017409884,0.000024414062508704942,3.2100122070312547,2.405006103515628,1.202503051757814,0.6012515258789068,0.3006257629394535,0.1503128814697267,0.07515644073486336,0.037578220367431685,0.01878911018371584,2.4093945550918576,2.0046972775459286,1.0023486387729645,1.3011743193864824,0.6505871596932411,0.32529357984662055,43.3626467899233],"totalCred":62.257357883505136},{"account":{"active":false,"balance":"0","identity":{"address":"N\u0000sourcecred\u0000core\u0000IDENTITY\u0000VFaou0BJGkEO65oQggEBgw\u0000","aliases":[{"address":"N\u0000sourcecred\u0000ethereum\u00000x2Ccc7cD913677553766873483ed9eEDdB77A0Bb0\u0000","description":"0x2Ccc7cD913677553766873483ed9eEDdB77A0Bb0"}],"id":"VFaou0BJGkEO65oQggEBgw","name":"0x2Ccc---0Bb0","subtype":"USER"},"paid":"0"},"cred":[0,0,0,0,0,0,0,0,0,0,0,0,0,0,0,0,0,0,0,0,0,0,0,0,0,0,0,0,0,0,0,0,0,0,0,0,0,0,0,0,0,0,0,0,0,0,0,0,0,0,0,0,0,0,0,0,0,0,0,0,0,0,0,0,0,0,0,0,0,0,0,0,0,0,0,0,0,0,0,0,0,0,0,0,0,0,0,0,0,0],"totalCred":0},{"account":{"active":false,"balance":"0","identity":{"address":"N\u0000sourcecred\u0000core\u0000IDENTITY\u00001hw0KbIApbq79hYikOM8Xw\u0000","aliases":[{"address":"N\u0000sourcecred\u0000ethereum\u00000xb4124cEB3451635DAcedd11767f004d8a28c6eE7\u0000","description":"0xb4124cEB3451635DAcedd11767f004d8a28c6eE7"}],"id":"1hw0KbIApbq79hYikOM8Xw","name":"0xb412---6eE7","subtype":"USER"},"paid":"0"},"cred":[0,0,0,0,0,0,0,0,0,0,0,0,0,0,0,0,0,0,0,0,0,0,0,0,0,0,0,0,0,0,0,0,0,0,0,0,0,0,0,0,0,0,0,0,0,0,0,0,0,0,0,0,0,0,0,0,0,0,0,0,0,0,0,0,0,0,0,0,0,0,0,0,0,0,0,0,0,0,0,0,0,0,0,0,0,0,0,0,0,0],"totalCred":0},{"account":{"active":false,"balance":"0","identity":{"address":"N\u0000sourcecred\u0000core\u0000IDENTITY\u0000ezRReEq3L7W794YIvvDQOg\u0000","aliases":[{"address":"N\u0000sourcecred\u0000ethereum\u00000x8401Eb5ff34cc943f096A32EF3d5113FEbE8D4Eb\u0000","description":"0x8401Eb5ff34cc943f096A32EF3d5113FEbE8D4Eb"}],"id":"ezRReEq3L7W794YIvvDQOg","name":"0x8401---D4Eb","subtype":"USER"},"paid":"0"},"cred":[0,0,0,0,0,0,0,0,0,0,0,0,0,0,0,0,0,0,0,0,0,0,0,0,0,0,0,0,0,0,0,0,0,0,0,0,0,0,0,0,0,0,0,0,0,0,0,0,0,0,0,0,0,0,0,0,0,0,0,0,0,0,0,0,0,0,0,0,0,0,0,0,0,0,0,0,0,0,0,0,0,0,0,0,0,0,0,0,0,0],"totalCred":0}],"intervals":[{"endTimeMs":1520121600000,"startTimeMs":1519516800000},{"endTimeMs":1520726400000,"startTimeMs":1520121600000},{"endTimeMs":1521331200000,"startTimeMs":1520726400000},{"endTimeMs":1521936000000,"startTimeMs":1521331200000},{"endTimeMs":1522540800000,"startTimeMs":1521936000000},{"endTimeMs":1523145600000,"startTimeMs":1522540800000},{"endTimeMs":1523750400000,"startTimeMs":1523145600000},{"endTimeMs":1524355200000,"startTimeMs":1523750400000},{"endTimeMs":1524960000000,"startTimeMs":1524355200000},{"endTimeMs":1525564800000,"startTimeMs":1524960000000},{"endTimeMs":1526169600000,"startTimeMs":1525564800000},{"endTimeMs":1526774400000,"startTimeMs":1526169600000},{"endTimeMs":1527379200000,"startTimeMs":1526774400000},{"endTimeMs":1527984000000,"startTimeMs":1527379200000},{"endTimeMs":1528588800000,"startTimeMs":1527984000000},{"endTimeMs":1529193600000,"startTimeMs":1528588800000},{"endTimeMs":1529798400000,"startTimeMs":1529193600000},{"endTimeMs":1530403200000,"startTimeMs":1529798400000},{"endTimeMs":1531008000000,"startTimeMs":1530403200000},{"endTimeMs":1531612800000,"startTimeMs":1531008000000},{"endTimeMs":1532217600000,"startTimeMs":1531612800000},{"endTimeMs":1532822400000,"startTimeMs":1532217600000},{"endTimeMs":1533427200000,"startTimeMs":1532822400000},{"endTimeMs":1534032000000,"startTimeMs":1533427200000},{"endTimeMs":1534636800000,"startTimeMs":1534032000000},{"endTimeMs":1535241600000,"startTimeMs":1534636800000},{"endTimeMs":1535846400000,"startTimeMs":1535241600000},{"endTimeMs":1536451200000,"startTimeMs":1535846400000},{"endTimeMs":1537056000000,"startTimeMs":1536451200000},{"endTimeMs":1537660800000,"startTimeMs":1537056000000},{"endTimeMs":1538265600000,"startTimeMs":1537660800000},{"endTimeMs":1538870400000,"startTimeMs":1538265600000},{"endTimeMs":1539475200000,"startTimeMs":1538870400000},{"endTimeMs":1540080000000,"startTimeMs":1539475200000},{"endTimeMs":1540684800000,"startTimeMs":1540080000000},{"endTimeMs":1541289600000,"startTimeMs":1540684800000},{"endTimeMs":1541894400000,"startTimeMs":1541289600000},{"endTimeMs":1542499200000,"startTimeMs":1541894400000},{"endTimeMs":1543104000000,"startTimeMs":1542499200000},{"endTimeMs":1543708800000,"startTimeMs":1543104000000},{"endTimeMs":1544313600000,"startTimeMs":1543708800000},{"endTimeMs":1544918400000,"startTimeMs":1544313600000},{"endTimeMs":1545523200000,"startTimeMs":1544918400000},{"endTimeMs":1546128000000,"startTimeMs":1545523200000},{"endTimeMs":1546732800000,"startTimeMs":1546128000000},{"endTimeMs":1547337600000,"startTimeMs":1546732800000},{"endTimeMs":1547942400000,"startTimeMs":1547337600000},{"endTimeMs":1548547200000,"startTimeMs":1547942400000},{"endTimeMs":1549152000000,"startTimeMs":1548547200000},{"endTimeMs":1549756800000,"startTimeMs":1549152000000},{"endTimeMs":1550361600000,"startTimeMs":1549756800000},{"endTimeMs":1550966400000,"startTimeMs":1550361600000},{"endTimeMs":1551571200000,"startTimeMs":1550966400000},{"endTimeMs":1552176000000,"startTimeMs":1551571200000},{"endTimeMs":1552780800000,"startTimeMs":1552176000000},{"endTimeMs":1553385600000,"startTimeMs":1552780800000},{"endTimeMs":1553990400000,"startTimeMs":1553385600000},{"endTimeMs":1554595200000,"startTimeMs":1553990400000},{"endTimeMs":1555200000000,"startTimeMs":1554595200000},{"endTimeMs":1555804800000,"startTimeMs":1555200000000},{"endTimeMs":1556409600000,"startTimeMs":1555804800000},{"endTimeMs":1557014400000,"startTimeMs":1556409600000},{"endTimeMs":1557619200000,"startTimeMs":1557014400000},{"endTimeMs":1558224000000,"startTimeMs":1557619200000},{"endTimeMs":1558828800000,"startTimeMs":1558224000000},{"endTimeMs":1559433600000,"startTimeMs":1558828800000},{"endTimeMs":1560038400000,"startTimeMs":1559433600000},{"endTimeMs":1560643200000,"startTimeMs":1560038400000},{"endTimeMs":1561248000000,"startTimeMs":1560643200000},{"endTimeMs":1561852800000,"startTimeMs":1561248000000},{"endTimeMs":1562457600000,"startTimeMs":1561852800000},{"endTimeMs":1563062400000,"startTimeMs":1562457600000},{"endTimeMs":1563667200000,"startTimeMs":1563062400000},{"endTimeMs":1564272000000,"startTimeMs":1563667200000},{"endTimeMs":1564876800000,"startTimeMs":1564272000000},{"endTimeMs":1565481600000,"startTimeMs":1564876800000},{"endTimeMs":1566086400000,"startTimeMs":1565481600000},{"endTimeMs":1566691200000,"startTimeMs":1566086400000},{"endTimeMs":1567296000000,"startTimeMs":1566691200000},{"endTimeMs":1567900800000,"startTimeMs":1567296000000},{"endTimeMs":1568505600000,"startTimeMs":1567900800000},{"endTimeMs":1569110400000,"startTimeMs":1568505600000},{"endTimeMs":1569715200000,"startTimeMs":1569110400000},{"endTimeMs":1570320000000,"startTimeMs":1569715200000},{"endTimeMs":1570924800000,"startTimeMs":1570320000000},{"endTimeMs":1571529600000,"startTimeMs":1570924800000},{"endTimeMs":1572134400000,"startTimeMs":1571529600000},{"endTimeMs":1572739200000,"startTimeMs":1572134400000},{"endTimeMs":1573344000000,"startTimeMs":1572739200000},{"endTimeMs":1573948800000,"startTimeMs":1573344000000}],"unclaimedAliases":[]}